../Core/Src/main.c:96:6:HAL_TIM_PeriodElapsedCallback	24	static
../Core/Src/main.c:103:6:redManualRun	8	static
../Core/Src/main.c:108:6:redTuningRun	8	static
../Core/Src/main.c:125:6:greenManualRun	8	static
../Core/Src/main.c:130:6:greenTuningRun	8	static
../Core/Src/main.c:147:6:yellowManualRun	8	static
../Core/Src/main.c:152:6:yellowTuningRun	8	static
../Core/Src/main.c:169:6:redAutoRun	8	static
../Core/Src/main.c:187:6:greenAutoRun	8	static
../Core/Src/main.c:196:6:yellowAutoRun	8	static
../Core/Src/main.c:212:5:main	8	static
../Core/Src/main.c:368:6:SystemClock_Config	72	static
../Core/Src/main.c:407:13:MX_TIM2_Init	32	static
../Core/Src/main.c:452:13:MX_USART2_UART_Init	8	static
../Core/Src/main.c:485:13:MX_GPIO_Init	40	static
../Core/Src/main.c:547:6:Error_Handler	4	static,ignoring_inline_asm
