../Core/Src/main.c:96:6:HAL_TIM_PeriodElapsedCallback	24	static
../Core/Src/main.c:103:6:redManualRun	8	static
../Core/Src/main.c:111:6:redTuningRun	8	static
../Core/Src/main.c:128:6:greenManualRun	8	static
../Core/Src/main.c:133:6:greenTuningRun	8	static
../Core/Src/main.c:150:6:yellowManualRun	8	static
../Core/Src/main.c:155:6:yellowTuningRun	8	static
../Core/Src/main.c:172:6:redAutoRun	8	static
../Core/Src/main.c:190:6:greenAutoRun	8	static
../Core/Src/main.c:200:6:yellowAutoRun	8	static
../Core/Src/main.c:216:5:main	8	static
../Core/Src/main.c:383:6:SystemClock_Config	72	static
../Core/Src/main.c:422:13:MX_TIM2_Init	32	static
../Core/Src/main.c:467:13:MX_USART2_UART_Init	8	static
../Core/Src/main.c:500:13:MX_GPIO_Init	40	static
../Core/Src/main.c:562:6:Error_Handler	4	static,ignoring_inline_asm
